Microchip MPLAB XC8 Compiler V1.33 ()

Linker command line:

--edf=C:\Program Files (x86)\Microchip\xc8\v1.33\dat\en_msgs.txt -cs \
  -h+dist/default/production\PIC12F675.X.production.sym \
  --cmf=dist/default/production\PIC12F675.X.production.cmf -z -Q12F675 \
  -oC:\Users\eldar\AppData\Local\Temp\s5q4.6 \
  -Mdist/default/production/PIC12F675.X.production.map -E1 -ver=XC8 \
  -ASTACK=02Bh-05dh -pstack=STACK -ACONST=00h-0FFhx3,0300h-03FEh \
  -ACODE=00h-03FEh -ASTRCODE=00h-03FEh -AENTRY=00h-0FFhx3,0300h-03FEh \
  -ASTRING=00h-0FFhx3,0300h-03FEh -ABANK0=020h-05Dh -ARAM=020h-05Dh \
  -AABS1=020h-05Fh -ACOMMON=05Eh-05Fh -ASFR0=00h-01Fh -ASFR1=080h-0DDh \
  -preset_vec=00h,intentry,init,end_init -ppowerup=CODE -pcinit=CODE \
  -pfunctab=CODE -ACONFIG=02007h-02007h -pconfig=CONFIG -DCONFIG=2 \
  -AIDLOC=02000h-02003h -pidloc=IDLOC -DIDLOC=2 -AEEDATA=00h-07Fh/02100h \
  -peeprom_data=EEDATA -DEEDATA=2 -posccal=03FFh -DCODE=2 -DSTRCODE=2 \
  -DSTRING=2 -DCONST=2 -DENTRY=2 -k dist/default/production\startup.obj \
  dist/default/production\PIC12F675.X.production.obj 

Object code version is 3.11

Machine type is 12F675



                Name                               Link     Load   Length Selector   Space Scale
dist/default/production\startup.obj
                end_init                              0        0        5        0       0
                idloc                              2000     2000        4     4000       0
                config                             2007     2007        1     400E       0
dist/default/production\PIC12F675.X.production.obj
                cinit                               3F5      3F5        A      7EA       0
                maintext                            2D7      2D7      11E      5AE       0
                cstackBANK0                          2A       2A        1       20       1
                bssBANK0                             20       20        8       20       1
                nvBANK0                              28       28        2       20       1

TOTAL           Name                               Link     Load   Length     Space
        CLASS   STACK          

        CLASS   CONST          

        CLASS   CODE           
                end_init                              0        0        5         0
                cinit                               3F5      3F5        A         0
                maintext                            2D7      2D7      11E         0

        CLASS   STRCODE        

        CLASS   ENTRY          

        CLASS   STRING         

        CLASS   BANK0          
                cstackBANK0                          2A       2A        1         1
                bssBANK0                             20       20        8         1
                nvBANK0                              28       28        2         1

        CLASS   RAM            

        CLASS   ABS1           
                abs_s1                               5E       5E        2         1

        CLASS   COMMON         

        CLASS   SFR0           

        CLASS   SFR1           

        CLASS   CONFIG         
                config                             2007     2007        1         0

        CLASS   IDLOC          
                idloc                              2000     2000        4         0

        CLASS   EEDATA         

        CLASS   BANK1          



SEGMENTS        Name                           Load    Length   Top    Selector   Space  Class     Delta

                reset_vec                      000000  000005  000005         0       0  CODE        2
                bssBANK0                       000020  00000B  00002B        20       1  BANK0       1
                maintext                       0002D7  00011E  0003F5       5AE       0  CODE        2
                cinit                          0003F5  00000A  0003FF       7EA       0  CODE        2
                idloc                          002000  000004  002004      4000       0  IDLOC       2
                config                         002007  000001  002008      400E       0  CONFIG      2


UNUSED ADDRESS RANGES

        Name                Unused          Largest block    Delta
        BANK0            002B-005D             33           1
        CODE             0005-02D6            2D2           2
        CONST            0005-02D6            100           2
        EEDATA           2100-217F             80           2
        ENTRY            0005-02D6            100           2
        RAM              002B-005D             33           1
        SFR0             0000-001F             20           1
        SFR1             0080-00DD             5E           1
        STACK            002B-005D             33           1
        STRCODE          0005-02D6            2D2           2
        STRING           0005-02D6            100           2

                                  Symbol Table

PL2                      maintext    03EF
_ANSEL                   (abs)       009F
_CMCON                   (abs)       0019
_GPIO                    (abs)       0005
_GPIO0                   (abs)       0028
_GPIO1                   (abs)       0029
_GPIO2                   (abs)       002A
_GPIO3                   (abs)       002B
_GPIO4                   (abs)       002C
_GPIO5                   (abs)       002D
_OPTION_REG              (abs)       0081
_TMR0                    (abs)       0001
_TRISIO                  (abs)       0085
__CFG_FOSC$INTRCIO       (abs)       0000
__CFG_IDLOC0$            (abs)       0005
__CFG_IDLOC1$            (abs)       0009
__CFG_IDLOC2$            (abs)       0001
__CFG_IDLOC3$            (abs)       0003
__CFG_MCLRE$OFF          (abs)       0000
__CFG_WDTE$OFF           (abs)       0000
__Habs1                  abs1        07FE
__Hbank0                 bank0       07FE
__Hbank1                 bank1       07FE
__HbssBANK0              bssBANK0    07FE
__Hcinit                 cinit       03FF
__Hclrtext               clrtext     07FE
__Hcode                  code        07FE
__Hcommon                common      07FE
__Hconfig                config      2008
__HcstackBANK0           cstackBANK0 07FE
__Heeprom_data           eeprom_data 0000
__Hend_init              end_init    0005
__Hfunctab               functab     0000
__Hidloc                 idloc       2004
__Hinit                  init        0000
__Hintentry              intentry    0000
__Hmaintext              maintext    07FE
__HnvBANK0               nvBANK0     07FE
__Hosccal                osccal      03FF
__Hpa_nodes              pa_nodes    07FE
__Hpowerup               powerup     0000
__Hram                   ram         07FE
__Hreset_vec             reset_vec   0000
__Hsfr0                  sfr0        07FE
__Hsfr1                  sfr1        07FE
__Hspace_0               (abs)       2008
__Hspace_1               (abs)       07FE
__Hspace_2               (abs)       0000
__Hspace_3               (abs)       0000
__Hstack                 stack       0000
__Hstrings               strings     07FE
__Htext                  text        07FE
__Labs1                  abs1        07FE
__Lbank0                 bank0       07FE
__Lbank1                 bank1       07FE
__LbssBANK0              bssBANK0    07FE
__Lcinit                 cinit       03F5
__Lclrtext               clrtext     07FE
__Lcode                  code        07FE
__Lcommon                common      07FE
__Lconfig                config      2007
__LcstackBANK0           cstackBANK0 07FE
__Leeprom_data           eeprom_data 0000
__Lend_init              end_init    0000
__Lfunctab               functab     0000
__Lidloc                 idloc       2000
__Linit                  init        0000
__Lintentry              intentry    0000
__Lmaintext              maintext    07FE
__LnvBANK0               nvBANK0     07FE
__Losccal                osccal      03FF
__Lpa_nodes              pa_nodes    07FE
__Lpowerup               powerup     0000
__Lram                   ram         07FE
__Lreset_vec             reset_vec   0000
__Lsfr0                  sfr0        07FE
__Lsfr1                  sfr1        07FE
__Lspace_0               (abs)       0000
__Lspace_1               (abs)       0000
__Lspace_2               (abs)       0000
__Lspace_3               (abs)       0000
__Lstack                 stack       0000
__Lstrings               strings     07FE
__Ltext                  text        07FE
__S0                     (abs)       2008
__S1                     (abs)       002B
__S2                     (abs)       0000
__S3                     (abs)       0000
___int_sp                stack       0000
___latbits               (abs)       0000
___osccal_val            osccal      03FF
___sp                    stack       0000
__end_ofPL2              maintext    03F5
__end_of__initialization cinit       03FD
__end_of_main            maintext    03EF
__initialization         cinit       03F5
__pbssBANK0              bssBANK0    0020
__pcstackBANK0           cstackBANK0 002A
__pmaintext              maintext    02D7
__pnvBANK0               nvBANK0     0028
__size_of_main           (abs)       0000
_counter                 bssBANK0    0020
_dip_sw_pcnt             bssBANK0    0024
_dip_sw_value            bssBANK0    0022
_hc164_shift             bssBANK0    0025
_led_tmr                 nvBANK0     0028
_main                    maintext    02D7
_output_tmr              nvBANK0     0029
_sys_flags               bssBANK0    0026
_tmp1                    bssBANK0    0027
btemp                    (abs)       005E
end_of_initialization    cinit       03FD
intlevel0                functab     0000
intlevel1                functab     0000
intlevel2                functab     0000
intlevel3                functab     0000
intlevel4                functab     0000
intlevel5                functab     0000
ltemp                    (abs)       005E
ltemp0                   (abs)       005E
ltemp1                   (abs)       0062
ltemp2                   (abs)       0066
ltemp3                   (abs)       0060
reset_vec                reset_vec   0000
stackhi                  (abs)       0000
stacklo                  (abs)       0000
start                    init        0000
start_initialization     cinit       03F5
ttemp                    (abs)       005E
ttemp0                   (abs)       005E
ttemp1                   (abs)       0061
ttemp2                   (abs)       0064
ttemp3                   (abs)       0067
ttemp4                   (abs)       005F
wtemp                    (abs)       005E
wtemp0                   (abs)       005E
wtemp1                   (abs)       0060
wtemp2                   (abs)       0062
wtemp3                   (abs)       0064
wtemp4                   (abs)       0066
wtemp5                   (abs)       0068
wtemp6                   (abs)       005F


FUNCTION INFORMATION:

 *************** function _main *****************
 Defined at:
		line 123 in file "main.c"
 Parameters:    Size  Location     Type
		None
 Auto vars:     Size  Location     Type
		None
 Return value:  Size  Location     Type
		None               void
 Registers used:
		wreg, status,2, status,0
 Tracked objects:
		On entry : 
		On exit  : 
		Unchanged: 
 Data sizes:     COMMON   BANK0
      Params:         0       0
      Locals:         0       0
      Temps:          0       1
      Totals:         0       1
Total ram usage:        1 bytes
 This function calls:
		Nothing
 This function is called by:
		Startup code after reset
 This function uses a non-reentrant model



MODULE INFORMATION

Module		Function		Class		Link	Load	Size
shared
		__initializatio		CODE           	03F5	0000	8
		PL2            		CODE           	03EF	0000	6

shared estimated size: 14

main.c
		_main          		CODE           	02D7	0000	280

main.c estimated size: 280

