Microchip MPLAB XC8 Compiler V1.33 ()

Linker command line:

--edf=C:\Program Files (x86)\Microchip\xc8\v1.33\dat\en_msgs.txt -cs \
  -h+dist/default/production\PIC12C508.X.production.sym \
  --cmf=dist/default/production\PIC12C508.X.production.cmf -z -Q12C508A \
  -oC:\Users\eldar\AppData\Local\Temp\s880.6 \
  -Mdist/default/production/PIC12C508.X.production.map -E1 -ver=XC8 \
  -ASTACK=011h-01bh -pstack=STACK -ACODE=00h-01FEh -AENTRY=00h-0FFh-01FEh \
  -ASTRING=00h-0FFh -ASTRCODE=00h-01FEh -ABANK0=07h-01Dh -ARAM=07h-01Dh \
  -AABS1=07h-01Fh -ACOMMON=01Ch-01Fh -ASFR0=00h-06h \
  -preset_vec=01ffh,reset_wrap=0h,init,end_init,cinit,clrtext \
  -ppowerup=CODE -pfunctab=ENTRY -ACONFIG=0FFFh-0FFFh -pconfig=CONFIG \
  -DCONFIG=2 -AIDLOC=0200h-0203h -pidloc=IDLOC -DIDLOC=2 -pstrings=-STRING \
  -DCODE=2 -DSTRCODE=2 -DSTRING=2 -DCONST=2 -DENTRY=2 -k \
  dist/default/production\startup.obj \
  dist/default/production\PIC12C508.X.production.obj 

Object code version is 3.11

Machine type is 12C508A



                Name                               Link     Load   Length Selector   Space Scale
dist/default/production\startup.obj
                end_init                              2        2        1        0       0
                reset_wrap                            0        0        2        0       0
                reset_vec                           1FF      1FF        1      3FE       0
                idloc                               200      200        4      400       0
                config                              FFF      FFF        1     1FFE       0
dist/default/production\PIC12C508.X.production.obj
                cinit                                 3        3        A        0       0
                maintext                             C0       C0      13F      180       0
                bssBANK0                              7        7        8        7       1
                nvBANK0                               F        F        2        7       1

TOTAL           Name                               Link     Load   Length     Space
        CLASS   STACK          

        CLASS   CODE           
                reset_vec                           1FF      1FF        1         0
                maintext                             C0       C0      13F         0

        CLASS   ENTRY          
                end_init                              2        2        1         0
                cinit                                 3        3        A         0
                reset_wrap                            0        0        2         0

        CLASS   STRING         

        CLASS   STRCODE        

        CLASS   BANK0          
                bssBANK0                              7        7        8         1
                nvBANK0                               F        F        2         1

        CLASS   RAM            

        CLASS   ABS1           
                abs_s1                               1C       1C        4         1

        CLASS   COMMON         

        CLASS   SFR0           

        CLASS   CONFIG         
                config                              FFF      FFF        1         0

        CLASS   IDLOC          
                idloc                               200      200        4         0

        CLASS   CONST          



SEGMENTS        Name                           Load    Length   Top    Selector   Space  Class     Delta

                reset_wrap                     000000  00000D  00000D         0       0  ENTRY       2
                bssBANK0                       000007  00000A  000011         7       1  BANK0       1
                maintext                       0000C0  00013F  0001FF       180       0  CODE        2
                reset_vec                      0001FF  000001  000200       3FE       0  CODE        2
                idloc                          000200  000004  000204       400       0  IDLOC       2
                config                         000FFF  000001  001000      1FFE       0  CONFIG      2


UNUSED ADDRESS RANGES

        Name                Unused          Largest block    Delta
        BANK0            0011-001B              B           1
        CODE             000D-00BF             B3           2
        ENTRY            000D-00BF             B3           2
        RAM              0011-001B              B           1
        SFR0             0000-0006              7           1
        STACK            0011-001B              B           1
        STRCODE          000D-00BF             B3           2
        STRING           000D-00BF             B3           2

                                  Symbol Table

_GP0                     (abs)        0030
_GP1                     (abs)        0031
_GP2                     (abs)        0032
_GP3                     (abs)        0033
_GP4                     (abs)        0034
_GP5                     (abs)        0035
_GPIO                    (abs)        0006
_OPTION                  (abs)        0000
_TMR0                    (abs)        0001
_TRIS                    (abs)        0006
__CFG_IDLOC0$            (abs)        0005
__CFG_IDLOC1$            (abs)        0009
__CFG_IDLOC2$            (abs)        0001
__CFG_IDLOC3$            (abs)        0003
__CFG_MCLRE$OFF          (abs)        0000
__CFG_OSC$IntRC          (abs)        0000
__CFG_WDT$OFF            (abs)        0000
__Habs1                  abs1         0000
__Hbank0                 bank0        0000
__HbssBANK0              bssBANK0     0000
__Hcinit                 cinit        000D
__Hclrtext               clrtext      000D
__Hcode                  code         0000
__Hcommon                common       0000
__Hconfig                config       1000
__HcstackBANK0           cstackBANK0  0000
__HcstackCOMMON          cstackCOMMON 0000
__Hend_init              end_init     0003
__Hfunctab               functab      0000
__Hidloc                 idloc        0204
__Hinit                  init         0002
__Hjmp_tab               jmp_tab      0000
__Hmaintext              maintext     0000
__HnvBANK0               nvBANK0      0000
__Hpowerup               powerup      0000
__Hram                   ram          0000
__Hreset_vec             reset_vec    0200
__Hreset_wrap            reset_wrap   0002
__Hsfr0                  sfr0         0000
__Hspace_0               (abs)        1000
__Hspace_1               (abs)        0011
__Hspace_2               (abs)        0000
__Hstack                 stack        0000
__Hstrings               strings      0000
__Htext                  text         0000
__Labs1                  abs1         0000
__Lbank0                 bank0        0000
__LbssBANK0              bssBANK0     0000
__Lcinit                 cinit        0003
__Lclrtext               clrtext      000D
__Lcode                  code         0000
__Lcommon                common       0000
__Lconfig                config       0FFF
__LcstackBANK0           cstackBANK0  0000
__LcstackCOMMON          cstackCOMMON 0000
__Lend_init              end_init     0002
__Lfunctab               functab      0000
__Lidloc                 idloc        0200
__Linit                  init         0002
__Ljmp_tab               jmp_tab      0000
__Lmaintext              maintext     0000
__LnvBANK0               nvBANK0      0000
__Lpowerup               powerup      0000
__Lram                   ram          0000
__Lreset_vec             reset_vec    01FF
__Lreset_wrap            reset_wrap   0000
__Lsfr0                  sfr0         0000
__Lspace_0               (abs)        0000
__Lspace_1               (abs)        0000
__Lspace_2               (abs)        0000
__Lstack                 stack        0000
__Lstrings               strings      0000
__Ltext                  text         0000
__S0                     (abs)        1000
__S1                     (abs)        0011
__S2                     (abs)        0000
___int_sp                stack        0000
___latbits               (abs)        0000
___sp                    stack        0000
__end_of__initialization cinit        000B
__end_of_main            maintext     01FF
__initialization         cinit        0003
__pbssBANK0              bssBANK0     0007
__pcstackBANK0           cstackBANK0  0000
__pcstackCOMMON          cstackCOMMON 0000
__pmaintext              maintext     00C0
__pnvBANK0               nvBANK0      000F
__size_of_main           (abs)        0000
_counter                 bssBANK0     0007
_dip_sw_pcnt             bssBANK0     000B
_dip_sw_value            bssBANK0     0009
_hc164_shift             bssBANK0     000C
_led_tmr                 nvBANK0      000F
_main                    maintext     00C0
_output_tmr              nvBANK0      0010
_sys_flags               bssBANK0     000D
_tmp1                    bssBANK0     000E
btemp                    (abs)        001C
end_of_initialization    cinit        000B
ltemp                    (abs)        001C
ltemp0                   (abs)        001C
ltemp1                   (abs)        0020
ltemp2                   (abs)        0024
ltemp3                   (abs)        001E
reset_vec                reset_vec    01FF
stackhi                  (abs)        0000
stacklo                  (abs)        0000
start                    init         0002
start_initialization     cinit        0003
ttemp                    (abs)        001C
ttemp0                   (abs)        001C
ttemp1                   (abs)        001F
ttemp2                   (abs)        0022
ttemp3                   (abs)        0025
ttemp4                   (abs)        001D
wtemp                    (abs)        001C
wtemp0                   (abs)        001C
wtemp1                   (abs)        001E
wtemp2                   (abs)        0020
wtemp3                   (abs)        0022
wtemp4                   (abs)        0024
wtemp5                   (abs)        0026
wtemp6                   (abs)        001D


FUNCTION INFORMATION:

 *************** function _main *****************
 Defined at:
		line 125 in file "main.c"
 Parameters:    Size  Location     Type
		None
 Auto vars:     Size  Location     Type
		None
 Return value:  Size  Location     Type
		None               void
 Registers used:
		wreg, fsr0l, fsr0h, status,2, status,0, btemp+0, btemp+1, btemp+2, btemp+3
 Tracked objects:
		On entry : 
		On exit  : 
		Unchanged: 
 Data sizes:     COMMON   BANK0
      Params:         0       0
      Locals:         0       0
      Temps:          0       0
      Totals:         0       0
Total ram usage:        0 bytes
 This function calls:
		Nothing
 This function is called by:
		Startup code after reset
 This function uses a non-reentrant model



MODULE INFORMATION

Module		Function		Class		Link	Load	Size
shared
		__initializatio		ENTRY          	0003	0000	8

shared estimated size: 8

main.c
		_main          		CODE           	00C0	0000	319

main.c estimated size: 319

